sample-001_small-project
├── README.md
├── index.js
└── src
    └── main.js
